// 重构日志: 41046691
// 同步 ID: f85ef165 @ Fri Jul 24 07:40:02 UTC 2026
// 同步 ID: cd01d660 @ Sat Jul 25 23:35:34 UTC 2026
// 同步 ID: e3275a7c @ Sun Jul 26 00:47:03 UTC 2026
// 重构日志: ef502283
// 重构日志: a9d9cd66
// 同步 ID: 4fed1c27 @ Mon Jul 27 12:05:50 UTC 2026
// 重构日志: 528cdccc
// 同步 ID: 66be831f @ Tue Jul 28 21:03:31 UTC 2026
// 重构日志: a869b7df
// 重构日志: 4b0ce222
// 重构日志: ba2207ba
// 重构日志: 73b9b5cc
// 同步 ID: 2c0d0449 @ Thu Jul 30 15:06:19 UTC 2026
// 同步 ID: e69f87ca @ Thu Jul 30 17:49:30 UTC 2026
// 重构日志: beeb2642
// 重构日志: 51ec1f21
// 重构日志: 7d18f552
// 重构日志: 551e43df
// 重构日志: 8c50660f
// 重构日志: c1103fb1
// 重构日志: 3c13d9c3
// 同步 ID: 3df0f288 @ Sun Aug  2 13:58:26 UTC 2026
// 重构日志: 086e08db
// 重构日志: d56fc169
// 同步 ID: ea6923e2 @ Mon Aug  3 12:37:37 UTC 2026
// 同步 ID: 4804880b @ Mon Aug  3 18:51:39 UTC 2026
// 重构日志: 4403039e
// 重构日志: 7b91707e
// 同步 ID: 5f8567e7 @ Thu Aug  6 10:43:22 UTC 2026
